BEGIN:VCALENDAR
PRODID:-//Tauchbolde//TauchboldeWebsite//EN
VERSION:2.0
METHOD:PUBLISH
BEGIN:VEVENT
DTSTART:20181213T190000Z
DTEND:20181213T230000Z
DTSTAMP:20180913T080000Z
UID:e6a5f186-31f0-4424-9fd3-89d6935e19eb
CREATED:20180913T080000Z
X-ALT-DESC;FMTTYPE=text/html:Treffpunkt: MP Test
Description Test
DESCRIPTION:Treffpunkt: MP Test
Description Test
LAST-MODIFIED:20180913T080000Z
LOCATION:Lake 1
SEQUENCE:0
STATUS:CONFIRMED
SUMMARY:Test Event
TRANSP:OPAQUE
END:VEVENT
END:VCALENDAR
