BEGIN:VCALENDAR
PRODID:-//Tauchbolde//TauchboldeWebsite//EN
VERSION:2.0
METHOD:PUBLISH
BEGIN:VEVENT
DTSTART:20181213T180000
DTEND:20181215T220000
DTSTAMP:20180913T080000
UID:e6a5f186-31f0-4424-9fd3-89d6935e19eb
CREATED:20180913T080000
DESCRIPTION:Treffpunkt: MP Test\nDescription Test
LAST-MODIFIED:20180913T080000
LOCATION:Lake 1
SEQUENCE:0
STATUS:CONFIRMED
X-ALT-DESC;FMTTYPE=text/html:Test Event
SUMMARY:Test Event
TRANSP:OPAQUE
END:VEVENT
END:VCALENDAR
