{
    "dataObject": {
        "Fullname": "Fullname",
        "Firstname": "Firstname",
        "Lastname": "Lastname",
        "MemberSince": "2017-07-01T00:00:00",
        "MemberUntil": "2019-08-13T00:00:00",
        "AvatarId": "TheAvatarId1234",
        "WebsiteUrl": "https://tauchbolde.ch",
        "TwitterHandle": "TwitterHandle1234",
        "FacebookId": "FacebookId1234",
        "SkypeId": "SkypeId1234",
        "Slogan": "The Slogan",
        "Education": "The Education",
        "Experience": "The Experience",
        "MobilePhone": "4242 42 42",
        "NotificationIntervalInHours": 4,
        "SendOwnNoticiations": true,
        "LastNotificationCheckAt": "2019-08-08T13:55:00",
        "UserId": "joe@doe.com",
        "User": null,
        "Notificationses": null,
        "Events": null,
        "Comments": null,
        "OriginalAuthorOfLogbookEntries": null,
        "EditorAuthorOfLogbookEntries": null,
        "Id": "c35f8d49-057b-4a18-85d9-1ab3e866d3ec"
    },
    "domainObject": {
        "Fullname": "Fullname",
        "Firstname": "Firstname",
        "Lastname": "Lastname",
        "MemberSince": "2017-07-01T00:00:00",
        "MemberUntil": "2019-08-13T00:00:00",
        "AvatarId": "TheAvatarId1234",
        "WebsiteUrl": "https://tauchbolde.ch",
        "TwitterHandle": "TwitterHandle1234",
        "FacebookId": "FacebookId1234",
        "SkypeId": "SkypeId1234",
        "Slogan": "The Slogan",
        "Education": "The Education",
        "Experience": "The Experience",
        "MobilePhone": "4242 42 42",
        "NotificationIntervalInHours": 4,
        "SendOwnNoticiations": true,
        "LastNotificationCheckAt": "2019-08-08T13:55:00",
        "UserId": "joe@doe.com",
        "User": null,
        "Realname": "Fullname",
        "Id": "c35f8d49-057b-4a18-85d9-1ab3e866d3ec"
    },
    "newDataObject": {
        "Fullname": "Fullname",
        "Firstname": "Firstname",
        "Lastname": "Lastname",
        "MemberSince": "2017-07-01T00:00:00",
        "MemberUntil": "2019-08-13T00:00:00",
        "AvatarId": "TheAvatarId1234",
        "WebsiteUrl": "https://tauchbolde.ch",
        "TwitterHandle": "TwitterHandle1234",
        "FacebookId": "FacebookId1234",
        "SkypeId": "SkypeId1234",
        "Slogan": "The Slogan",
        "Education": "The Education",
        "Experience": "The Experience",
        "MobilePhone": "4242 42 42",
        "NotificationIntervalInHours": 4,
        "SendOwnNoticiations": true,
        "LastNotificationCheckAt": "2019-08-08T13:55:00",
        "UserId": "joe@doe.com",
        "User": null,
        "Notificationses": null,
        "Events": null,
        "Comments": null,
        "OriginalAuthorOfLogbookEntries": null,
        "EditorAuthorOfLogbookEntries": null,
        "Id": "c35f8d49-057b-4a18-85d9-1ab3e866d3ec"
    }
}