{
    "dataObject": {
        "Title": "The Title",
        "Text": "The Text",
        "TeaserText": "The Teaser",
        "IsFavorite": true,
        "TeaserImage": "TheTeaserImage",
        "TeaserImageThumb": "TheTeaserImageThumb",
        "ExternalPhotoAlbumUrl": "https://tauchbolde.ch",
        "CreatedAt": "2019-08-01T12:00:00",
        "ModifiedAt": "2019-08-02T13:00:00",
        "IsPublished": true,
        "EditorAuthorId": "5a835146-69f7-4a19-be1b-e7501d01bd8d",
        "EditorAuthor": null,
        "OriginalAuthorId": "bfbea88b-3a40-4487-9fc4-b477dd20e17c",
        "OriginalAuthor": null,
        "EventId": "6d3cd14c-15af-4bae-8cc1-a0b6a9ee397d",
        "Event": null,
        "Id": "08f81971-81c9-4ed8-932d-95940b6e27a3"
    },
    "domainObject": {
        "Title": "The Title",
        "Text": "The Text",
        "TeaserText": "The Teaser",
        "IsFavorite": true,
        "TeaserImage": "TheTeaserImage",
        "TeaserImageThumb": "TheTeaserImageThumb",
        "ExternalPhotoAlbumUrl": "https://tauchbolde.ch",
        "CreatedAt": "2019-08-01T12:00:00",
        "ModifiedAt": "2019-08-02T13:00:00",
        "IsPublished": true,
        "EditorAuthorId": "5a835146-69f7-4a19-be1b-e7501d01bd8d",
        "EditorAuthor": null,
        "OriginalAuthorId": "bfbea88b-3a40-4487-9fc4-b477dd20e17c",
        "OriginalAuthor": null,
        "EventId": "6d3cd14c-15af-4bae-8cc1-a0b6a9ee397d",
        "Event": null,
        "Id": "08f81971-81c9-4ed8-932d-95940b6e27a3"
    },
    "newDataObject": {
        "Title": "The Title",
        "Text": "The Text",
        "TeaserText": "The Teaser",
        "IsFavorite": true,
        "TeaserImage": "TheTeaserImage",
        "TeaserImageThumb": "TheTeaserImageThumb",
        "ExternalPhotoAlbumUrl": "https://tauchbolde.ch",
        "CreatedAt": "2019-08-01T12:00:00",
        "ModifiedAt": "2019-08-02T13:00:00",
        "IsPublished": true,
        "EditorAuthorId": "5a835146-69f7-4a19-be1b-e7501d01bd8d",
        "EditorAuthor": null,
        "OriginalAuthorId": "bfbea88b-3a40-4487-9fc4-b477dd20e17c",
        "OriginalAuthor": null,
        "EventId": "6d3cd14c-15af-4bae-8cc1-a0b6a9ee397d",
        "Event": null,
        "Id": "08f81971-81c9-4ed8-932d-95940b6e27a3"
    }
}