{
    "dataObject": {
        "EventId": "c2847d0c-cafa-4ed8-9496-10039aa6a6f5",
        "Event": null,
        "ParticipatingDiverId": "1549f94e-e376-4ac3-9591-c6938a1c9421",
        "ParticipatingDiver": null,
        "CountPeople": 2,
        "Note": "The Note",
        "Status": 3,
        "BuddyTeamName": "Team 1",
        "Id": "bb8e0fce-974a-4877-80a9-5e4ca315e166"
    },
    "domainObject": {
        "EventId": "c2847d0c-cafa-4ed8-9496-10039aa6a6f5",
        "ParticipatingDiverId": "1549f94e-e376-4ac3-9591-c6938a1c9421",
        "ParticipatingDiver": null,
        "CountPeople": 2,
        "Note": "The Note",
        "Status": 3,
        "BuddyTeamName": "Team 1",
        "Id": "bb8e0fce-974a-4877-80a9-5e4ca315e166"
    },
    "newDataObject": {
        "EventId": "c2847d0c-cafa-4ed8-9496-10039aa6a6f5",
        "Event": null,
        "ParticipatingDiverId": "1549f94e-e376-4ac3-9591-c6938a1c9421",
        "ParticipatingDiver": null,
        "CountPeople": 2,
        "Note": "The Note",
        "Status": 3,
        "BuddyTeamName": "Team 1",
        "Id": "bb8e0fce-974a-4877-80a9-5e4ca315e166"
    }
}