<html>
<head>
<style>
body {
    font-family: Helvetica, sans-serif;
    color: #030303;
}

.notification-list {
    padding: 0;
}

.icon {
    float: left;
}

.timestamp {
    font-size: small;
    float: right;
}

.notification-list .notification-item {
    background-color: #0d87e9;
    margin-left: 55px;
    margin-bottom: 10px;
    padding: 10px;
    color: #fff;
    border-radius: 5px;
}

.notification-list .notification-item.Declined {
    background-color: #e51c23;
}

.notification-list .notification-item.Accepted {
    background-color: #4caf50;
}

.notification-list .notification-item a,
.notification-list .notification-item a:visited,
.notification-list .notification-item a:hover,
.notification-list .notification-item a:active {
    color: #fff;
}

.message-type {
    font-weight: bold;
}</style>
</head>
<body>
<h2>Hallo John,</h2>
<p>
Auf der Tauchbolde-Webseite gibt es 1 News.
</p>
<div class='notification-list'>
<div>
<img class='icon' src="data:image/png;base64, iVBORw0KGgoAAAANSUhEUgAAADAAAAAwCAYAAABXAvmHAAADMklEQVR42u2Yz08aURDHZ/hVEWNT
iSZ6wkM9VlNNtUnPnj16aXrq1ZOJ8S8wGlQwptrEkx70pkf/gCY0QYtGqv2BHPyt/BZsFNx9nd3W
dVGxsLB5Id1JNpk3PB7zYb5veA+EKjfknYABwDsBA4B3AgYA7wQMAN4JGAC8EzAAQqEQNjc3vyX/
DT1m3gkVaQI9n5LJ5AJmMpkhGozwzkijDWM6nfaT00UPg1tJFfLV42Lml7pmqf4anp+fB8jpuAlu
JAH8ccauWWUB3rmQCb/SODAwUHBNp9MJbre7lHU3MJVKKQCBJOB0iBwyJJNnqnz1uNCcQr77BbBa
doWrq6tK3OfzwcnJCfT19clju90Ovb29pQHQRpAA2qXobFj69jUosQgjAHhmy4/Nzc1BMBgEj8ej
ddlNTCQSSgWmfjJZQqDDHhhvR0YAeXEVgNY9sIHxeFwB8P4QMaATwESHiTXoARCLxRQJeb4LEEgw
reV81CZfmqHBlv+7WREJRaNRpQKT3wT8khB1qYC300IVwMpXIBKJKAATO9e6AUx1WlnDk/sAW1tb
4PV6tQOcnp4GqIPJEhrfycF6XNRazkdtussGBJAXUwFoWpO68SZSH1YqQAC4HhN0qcD0qxp9NvHx
8bEC4N7O4ppOAB+6a/TZA0dHR0oXGvt6BX8rUHGb6bY/KKGyu9Dh4aFSgbHgJfqj17pU4ONrx4Ob
uOwKHBwc3LbR7Uv0RQRdzkIzPbXMqUcX2t/fVyTkjwrg3r6SPrhsydy12Z5aeGoRIRwOK7GVlRWg
CxUMDg7KY4vFAq2trSAIf2QssUu+1WqFbDYLNpvt7rKbuLe3l3ecljbx54igOk5LNKiS0M1YHf+3
//65leUyKezv7y8oy6amJpifn2ckKayrq4O2tja2tLSEo6OjQO9ji4uLWF9fn1+B3d1dPxF2FSOD
ciQk+aIo4tnZWUEAs9kMjY2NjA6YaDKZpG+c0X0FKQbUbFhLS4s852bdXC63hqTBIYfDMSK9UE0m
Sevi4mIYl5eX0eVyyZd6gqoKCiqAfKmnai5U/98qvBMwAHgnYADwTsAA4J2AAcA7AQOAdwL/PcBv
1k14RNPQntUAAAAASUVORK5CYII=" />
<div class='notification-item EditEvent'>
<div>
<span class='timestamp'>01.10.2018 14:00</span><span class='message-type'>Aktivität geändert</span></div>
<div class='message'>
<p>Notification 1</p>
<p><a href='http://test/event/1'>Mehr...</a></p></div>
</div>

</div>
</div>
<p>
Guet Gas!
</p>
</html>
</body>
