<html>
<head>
<style>
body {
    font-family: Helvetica, sans-serif;
    color: #030303;
}

.notification-list {
    padding: 0;
}

.icon {
    float: left;
}

.timestamp {
    font-size: small;
    float: right;
}

.notification-list .notification-item {
    background-color: #0d87e9;
    margin-left: 55px;
    margin-bottom: 10px;
    padding: 10px;
    color: #fff;
    border-radius: 5px;
}

.notification-list .notification-item.Declined {
    background-color: #e51c23;
}

.notification-list .notification-item.Accepted {
    background-color: #4caf50;
}

.notification-list .notification-item a,
.notification-list .notification-item a:visited,
.notification-list .notification-item a:hover,
.notification-list .notification-item a:active {
    color: #fff;
}

.message-type {
    font-weight: bold;
}</style>
</head>
<body>
<h2>Hallo John,</h2>
<p>
Auf der Tauchbolde-Webseite gibt es 1 News.
</p>
<div class='notification-list'>
<div>
<img class='icon' src="data:image/png;base64, iVBORw0KGgoAAAANSUhEUgAAADAAAAAwCAYAAABXAvmHAAAGY0lEQVR42u1YXUwUVxQ+Zxfkx/9A
q0klxCho1yqm1kCMSX0pTUwwoK0YICa1VrSkD/pQY4z/Mab1GRMjtYlaY0wsUR6AGtA+FRoouzQh
wcZi02jkVwQV2F24/e5114zLXebuFEETb7KZM3fPzJzvft85c+4wveGDpzuAtwCmO4BJBRAMBjNd
LleaEIKYn/9lta3n0XxitWO9Bsd/3W73nZcAjI6OLsPhR/xypntFDUcDfl8ASDv7/f53YXgxsdDC
iIhiW8+Fgb+J7fT6h2BjNUM23+HkWwcPm24A0v6eA4HAbzCyJ4/dKR2NEkALjNWxrlZXV5fo6Ojg
7OxsevbsmfB6vbxu3Tonq+nkmrDtlTngCMDt27fF4cOH+cyZMzRv3jyxb98+vnr16tQDGBkZkQCy
YuXu1q1bdOLECVq8eDEdPXqUAIAkgNOnT1NTUxNt2LCB1q5dSw0NDbRp0yblc+7cOdq/fz8VFhYq
G8+mjRs30rZt22LWTmj4eHh4uAX1dTUyWnCo6Eazref19fWiurpaSkkGKnDOhw4domPHjomTJ0+y
DPTUqVPiwIEDXFJSQuXl5eLgwYMsA8e5qKys5Ly8PFq0aBHl5OTYPltn4+BVAJxIqK6uTtTW1nJx
cTGVlZWJ1NRU3rt3r2RAIDAeGhqirVu3iuPHjyuQMkiwwevXr6fS0lJx+fJlbm5upgcPHtCNGzec
SwgPciQhAKCamholmSNHjlBLSwtdvHiRioqKZLDU2NhIV65coevXr1NFRQVduHCB8vPz6ezZs9TT
06Pm1qxZQz6fT/k5lhAqiCMJDQwMCPxYSuDJkyeis7OTlyxZQo8fPxbt7e2cmZlJc+fOFbg/d3d3
U3p6uprPyMggtCvi3r173NvbSx6Ph5KSkpxLSALQSWgUAYlgMKqEYqTaSJbRbFdyMrnmz9dL6OnT
p+MAiEBAdG7fzvSaAIhfupRSUBC0AEC/Ngdk9/e6DGvnGjF8PDg46CgHYtGq6T1jtVUOSACkK6O9
LUz9bRPRHTq6iN7LFZSYwmNjY6qtIBvZyCROTk4O+0f1C9vwJ/jrJYRKopdQfSHRwN0QhzZbt+W7
iZbtlPsKwoLYSgLtO82ePZskADzf2F8rIZQ9LQOi7nOmwb8NGGDi5TsFQKgVRVGwZQABKQZkniEH
jRiYOXOmnoH+/n5tDoi6z1gMdEwIAN5qnpd9JdizhyUDpgAQkAJsAkAyICWkzQEJQCeh0ZtbKMSA
7eDlu8jl2aMkYSqhWbNmxeyvldCjR4/0L7KbW8CAiYSQlO/vEgCgJIHWxCiJExMTw/5GEoK/XkJ9
fX1aCQV/2fwSAOtHhPEASoV7xdccSmIjCSEp2ZL0thICA3oJSQA6CQVqC0ioKmT/6cjtKSUAUC8/
2ePbDbmiM2bMMPaXcSckJOglhIZKKyF/Tb6thMJJ7PbsdsSApYzaMgB/vYTQ2mol9BzA3YgbslZC
cSt2i7gPypSmsce2BSDZj4+PD/vbApBhxcXF6SWEVlcroZHq/JCE7AcAEADE/GKalBdZCMA4CQ1X
F/BY/x3LKkzAwMpvRPyKUrWiCMqIAeRB+KugEQOycmklhI2IklDkhWO9rTzWZ9ALsYvcaZ8ITpiv
ckBudOwAyByYM2eOygF0ArYAJAPwHzevJHT//v3foa+PjLQyySP8kdjpCAaDTYyt3SVs6YojkaMl
UCtkywAGSqJAmYuZgZC/YwbwEvyJsU/dg71reSS6kDaNV1LW9qkeAF8mP20sTElJ+QcrGG9FCHQx
MSDLYqi3MWIAb1a29EJGb2LrPF6AAagkXU20tbVVgIUd4cog6yxubvx12lpVxHNR2+6JLTXdFkDk
NbLSIfnPezyenWrC6/UuRB78iVqbamVAc3MtAKz+CwamYkcG1nr8fv9KjIcvAmttbf0UMqoCVXEh
lMZalAsT7vZMckEuTLj6mOZOOB7sH4IIPg/B11LEykoQBSiplwAiCbp7rTb1KCoCwQ+hdJasWrWq
8sXiRSL1+XyyrTgPNj5ED64SzvownYT+px31PwkAgcvvt7Jr/QNTO7Kysnwvsa+jq6qqypWWlrYZ
5peI/WOwkmiVyaseYYlhtYdx/BVTP3R1df2cm5s7Tte2EV27di1xwYIFGUjSd0z8JwsDgu9G0H8V
FBQMT+Q4VQG9svEWwHSPNx7AfyhDVZDwHN5vAAAAAElFTkSuQmCC" />
<div class='notification-item NewLogbookEntry'>
<div>
<span class='timestamp'>01.10.2018 14:00</span><span class='message-type'>Neuer Logbucheintrag</span></div>
<div class='message'>
<p>Notification 1</p>
<p><a href='http://test/event/1'>Mehr...</a></p></div>
</div>

</div>
</div>
<p>
Guet Gas!
</p>
</html>
</body>
