<html>
<head>
<style>
body {
    font-family: Helvetica, sans-serif;
    color: #030303;
}

table {
    border: none;
    width: 100%;
}

td, th {
    vertical-align:top;
}

.cell-icon {
    width: 55px;
    padding-right: 5px;
}

.cell-message {
    width: 100%;
}

.notification-list {
    padding: 0;
    width: 100%;
}

.icon {
}

.timestamp {
    font-size: small;
    float: right;
}

.notification-list .notification-item {
    background-color: #0d87e9;
    margin-bottom: 10px;
    padding: 10px;
    color: #fff;
    border-radius: 5px;
}

.notification-list .notification-item.Declined {
    background-color: #e51c23;
}

.notification-list .notification-item.Accepted {
    background-color: #4caf50;
}

.notification-list .notification-item a,
.notification-list .notification-item a:visited,
.notification-list .notification-item a:hover,
.notification-list .notification-item a:active {
    color: #fff;
}

.message-type {
    font-weight: bold;
    margin-right: 1em;
}</style>
</head>
<body>
<img src="data:image/png;base64,iVBORw0KGgoAAAANSUhEUgAAAMoAAAAZCAYAAABwz7EpAAAABGdBTUEAALGOfPtRkwAAACBjSFJNAACHDwAAjA8AAP1SAACBQAAAfXkAAOmLAAA85QAAGcxzPIV3AAAKOWlDQ1BQaG90b3Nob3AgSUNDIHByb2ZpbGUAAEjHnZZ3VFTXFofPvXd6oc0wAlKG3rvAANJ7k15FYZgZYCgDDjM0sSGiAhFFRJoiSFDEgNFQJFZEsRAUVLAHJAgoMRhFVCxvRtaLrqy89/Ly++Osb+2z97n77L3PWhcAkqcvl5cGSwGQyhPwgzyc6RGRUXTsAIABHmCAKQBMVka6X7B7CBDJy82FniFyAl8EAfB6WLwCcNPQM4BOB/+fpFnpfIHomAARm7M5GSwRF4g4JUuQLrbPipgalyxmGCVmvihBEcuJOWGRDT77LLKjmNmpPLaIxTmns1PZYu4V8bZMIUfEiK+ICzO5nCwR3xKxRoowlSviN+LYVA4zAwAUSWwXcFiJIjYRMYkfEuQi4uUA4EgJX3HcVyzgZAvEl3JJS8/hcxMSBXQdli7d1NqaQffkZKVwBALDACYrmcln013SUtOZvBwAFu/8WTLi2tJFRbY0tba0NDQzMv2qUP91829K3NtFehn4uWcQrf+L7a/80hoAYMyJarPziy2uCoDOLQDI3fti0zgAgKSobx3Xv7oPTTwviQJBuo2xcVZWlhGXwzISF/QP/U+Hv6GvvmckPu6P8tBdOfFMYYqALq4bKy0lTcinZ6QzWRy64Z+H+B8H/nUeBkGceA6fwxNFhImmjMtLELWbx+YKuGk8Opf3n5r4D8P+pMW5FonS+BFQY4yA1HUqQH7tBygKESDR+8Vd/6NvvvgwIH554SqTi3P/7zf9Z8Gl4iWDm/A5ziUohM4S8jMX98TPEqABAUgCKpAHykAd6ABDYAasgC1wBG7AG/iDEBAJVgMWSASpgA+yQB7YBApBMdgJ9oBqUAcaQTNoBcdBJzgFzoNL4Bq4AW6D+2AUTIBnYBa8BgsQBGEhMkSB5CEVSBPSh8wgBmQPuUG+UBAUCcVCCRAPEkJ50GaoGCqDqqF6qBn6HjoJnYeuQIPQXWgMmoZ+h97BCEyCqbASrAUbwwzYCfaBQ+BVcAK8Bs6FC+AdcCXcAB+FO+Dz8DX4NjwKP4PnEIAQERqiihgiDMQF8UeikHiEj6xHipAKpAFpRbqRPuQmMorMIG9RGBQFRUcZomxRnqhQFAu1BrUeVYKqRh1GdaB6UTdRY6hZ1Ec0Ga2I1kfboL3QEegEdBa6EF2BbkK3oy+ib6Mn0K8xGAwNo42xwnhiIjFJmLWYEsw+TBvmHGYQM46Zw2Kx8lh9rB3WH8vECrCF2CrsUexZ7BB2AvsGR8Sp4Mxw7rgoHA+Xj6vAHcGdwQ3hJnELeCm8Jt4G749n43PwpfhGfDf+On4Cv0CQJmgT7AghhCTCJkIloZVwkfCA8JJIJKoRrYmBRC5xI7GSeIx4mThGfEuSIemRXEjRJCFpB+kQ6RzpLuklmUzWIjuSo8gC8g5yM/kC+RH5jQRFwkjCS4ItsUGiRqJDYkjiuSReUlPSSXK1ZK5kheQJyeuSM1J4KS0pFymm1HqpGqmTUiNSc9IUaVNpf+lU6RLpI9JXpKdksDJaMm4ybJkCmYMyF2TGKQhFneJCYVE2UxopFykTVAxVm+pFTaIWU7+jDlBnZWVkl8mGyWbL1sielh2lITQtmhcthVZKO04bpr1borTEaQlnyfYlrUuGlszLLZVzlOPIFcm1yd2WeydPl3eTT5bfJd8p/1ABpaCnEKiQpbBf4aLCzFLqUtulrKVFS48vvacIK+opBimuVTyo2K84p6Ss5KGUrlSldEFpRpmm7KicpFyufEZ5WoWiYq/CVSlXOavylC5Ld6Kn0CvpvfRZVUVVT1Whar3qgOqCmrZaqFq+WpvaQ3WCOkM9Xr1cvUd9VkNFw08jT6NF454mXpOhmai5V7NPc15LWytca6tWp9aUtpy2l3audov2Ax2yjoPOGp0GnVu6GF2GbrLuPt0berCehV6iXo3edX1Y31Kfq79Pf9AAbWBtwDNoMBgxJBk6GWYathiOGdGMfI3yjTqNnhtrGEcZ7zLuM/5oYmGSYtJoct9UxtTbNN+02/R3Mz0zllmN2S1zsrm7+QbzLvMXy/SXcZbtX3bHgmLhZ7HVosfig6WVJd+y1XLaSsMq1qrWaoRBZQQwShiXrdHWztYbrE9Zv7WxtBHYHLf5zdbQNtn2iO3Ucu3lnOWNy8ft1OyYdvV2o/Z0+1j7A/ajDqoOTIcGh8eO6o5sxybHSSddpySno07PnU2c+c7tzvMuNi7rXM65Iq4erkWuA24ybqFu1W6P3NXcE9xb3Gc9LDzWepzzRHv6eO7yHPFS8mJ5NXvNelt5r/Pu9SH5BPtU+zz21fPl+3b7wX7efrv9HqzQXMFb0ekP/L38d/s/DNAOWBPwYyAmMCCwJvBJkGlQXlBfMCU4JvhI8OsQ55DSkPuhOqHC0J4wybDosOaw+XDX8LLw0QjjiHUR1yIVIrmRXVHYqLCopqi5lW4r96yciLaILoweXqW9KnvVldUKq1NWn46RjGHGnIhFx4bHHol9z/RnNjDn4rziauNmWS6svaxnbEd2OXuaY8cp40zG28WXxU8l2CXsTphOdEisSJzhunCruS+SPJPqkuaT/ZMPJX9KCU9pS8Wlxqae5Mnwknm9acpp2WmD6frphemja2zW7Fkzy/fhN2VAGasyugRU0c9Uv1BHuEU4lmmfWZP5Jiss60S2dDYvuz9HL2d7zmSue+63a1FrWWt78lTzNuWNrXNaV78eWh+3vmeD+oaCDRMbPTYe3kTYlLzpp3yT/LL8V5vDN3cXKBVsLBjf4rGlpVCikF84stV2a9021DbutoHt5turtn8sYhddLTYprih+X8IqufqN6TeV33zaEb9joNSydP9OzE7ezuFdDrsOl0mX5ZaN7/bb3VFOLy8qf7UnZs+VimUVdXsJe4V7Ryt9K7uqNKp2Vr2vTqy+XeNc01arWLu9dn4fe9/Qfsf9rXVKdcV17w5wD9yp96jvaNBqqDiIOZh58EljWGPft4xvm5sUmoqbPhziHRo9HHS4t9mqufmI4pHSFrhF2DJ9NProje9cv+tqNWytb6O1FR8Dx4THnn4f+/3wcZ/jPScYJ1p/0Pyhtp3SXtQBdeR0zHYmdo52RXYNnvQ+2dNt293+o9GPh06pnqo5LXu69AzhTMGZT2dzz86dSz83cz7h/HhPTM/9CxEXbvUG9g5c9Ll4+ZL7pQt9Tn1nL9tdPnXF5srJq4yrndcsr3X0W/S3/2TxU/uA5UDHdavrXTesb3QPLh88M+QwdP6m681Lt7xuXbu94vbgcOjwnZHokdE77DtTd1PuvriXeW/h/sYH6AdFD6UeVjxSfNTws+7PbaOWo6fHXMf6Hwc/vj/OGn/2S8Yv7ycKnpCfVEyqTDZPmU2dmnafvvF05dOJZ+nPFmYKf5X+tfa5zvMffnP8rX82YnbiBf/Fp99LXsq/PPRq2aueuYC5R69TXy/MF72Rf3P4LeNt37vwd5MLWe+x7ys/6H7o/ujz8cGn1E+f/gUDmPP8usTo0wAAAAlwSFlzAAAuIgAALiIBquLdkgAAABl0RVh0U29mdHdhcmUAcGFpbnQubmV0IDQuMC4xMzQDW3oAABH9SURBVHhe7VwJkBTVGe5NTCTGM8YDdmYWCcYDbxRREdCoeONZUmo08Y4nHhEPwqrs9OuZXVQqEjUqGE15oDEX3iaIys50v55dxNUomqh4oFBWeR/x2Hzf38f0zPTszkzAKnH/qr96+vV7/7v+7/3//97bNVY2DTHtDTdq7Vl7WPuijROWPSGp8leBZyWt3Bh8bvJyDdAAfcuopXX+oGYzt2uzsq9IqLxOKnt5Qtlu0rQ/Tpr5D5HWxjwtrd3rG3PnftcvNkAD9O2grVt7vp+wnEkAxovgL8G9sBwfACRzkyp3HoCyOKE6D0+m86fj981IH2u09n7HLz5AA7T6Uyqt94DyL0qY9rsAR6eAxMw/MHT6wpbU9Pxm+PYa0m5rVs6RsCgqmSkM8YsOUCNESzyj8wdG5l/rGHBrwd83enu/+W7s0UG/nlpHeOaSNY3W1m/+YjryRvd7CSvfmjDznyaV88dUu4BiMUDSIRla56+B91sAnol4a2q28gm8nyHf4ogWxupJGVm9h2F17W5YTmPM8ln9E9bvS159iMqk8tsbytnHMPWuhuWOMTKFnxmIAf0ctRHlTC+0eONMhpz2rq0xZoP8HF8vce7bF21jZP1+mYXdjGzXPobqHmoYdS4CBFgafWGf2Dcs5CJnbu/Kd/VTKj+yxcpt5b9W0PBzHlgTgLgTIFjeYuoDuaKlTPtgAOGCYBVoaX150Eat89eWAqCkZZ+YatOD/VdjmPXoeiXAaV/0Q8PS+xrKnWFk9FWGVbiyblYs51pGxjnU6HB/7EtefQhjKsCw3BfQ1/fwfA9jZRpWfrSfozaiNTLdgzHWmXDM4DoDgMP8HF8viXLb6JfuQpve81jfBh4voK6H4MWg/NGeHqBvGbcNfTsA7+v5OVYeISA/F0p8p/9aQrQkcKXuxPdXh5j2T/1kI8XVvA8XAKCaHf0ON+wkWKPH/FfDmNHzI3RsJwzWl+hU7//Bn2Cg9q5x0tEetknaVdl2tpeTODO/rnFN9/rGdXR1arBUXL0IfJbhBFHB492ISP39MfLS1eI4K/1a2F/lTpNVs1qZuH5l7U2NtDMOcj4uyikcb5hdu1SWL5FVD0XK9yOn1V0LCr0n2vFspF+3ClDix7tMZoSV3hZ9ObIoR68wTHs3o62z2SsKCtxXzo16coMKDue6H7cWQGinSxUFgke9TUhX4GWpOlafTdNdGwEos/xXg1vGsEjPI+0FPwlA6QRQ7J1XClC46lZtHzrevnBjUbh0fk9RMnK2my4bzDQGGu0VZVeLN5CVLgtXQDk7ysRZ3aMMLBa+sErixDJvRu8lwKcroeBGwPWUctmeTSFvu7DeWlncI1kA2I4iUKzCxYbp7BJbhsxy8ht1Wk8nBPht3c1IH42x/iiUo/REUajy8gEH48O2U+moRFHieNGKW/YIGa+w3jIukQMPg2PCRYXflH4ubI+l58h4czxZ1wy0mWU817pSbsDsg4x32K8VcFdHGio3VOYz271DOO+qgPQuuLJ0ZyPMPDI+dN/wZH/jXLeEsu8CWJ4GIHQi3TluOFdUEOMNpK+AGzVCMtZIifTCbWBBpg0DghOYVFij2wGUBeAVfhZvVaGPahWyaFwrVphpISs91U8POv8VntdjMC8vycdyCq4IJ53AiyPx8wtjkfdS5JsJvkbY0tfieQ4U8RAjLasbB4p8KtL/6/MrRqZrHNKqm3FOusrvjfa6kXJwj+BWivJAdqZwKIA62a/Tq79/Rlvdy0TZLXcpOFCoBeCOmPweW87VaMvpeB4h9RPABFY5UCx9H+TPiJURcMY9E3kO9xeU8aLojC+ogGLpbI7rBMg6vaJswNJn5yzIOgzMcR4jIBDFLQMK28r+emM+Bt8noi9nezJiZAtLH+4O5RAomc6dRBbbzFBB6XZ8W4BnMD9x/Dr4LrG07BcXqPIFEmC4AyC5tgUmKGF1jiJoAJLzoeCvpZR9dEva3RLfGcg/gm8vAgRvhmzme8B3I/0XPGiEuKZE2gFQ7IchY2kibR9L4KXa8gch3zKvRhAH/OrnBsuAl68Y7KC4ZeEgwurYExCLjCvJR/aC01TV4I2dJVCU/mtRXgl/gW9arFK2sD8Gnv5u8G0pQDDSSD+xkS+tkggiS4+CjEJYzgSgGaAqfRC+vYgngR7IrJ2VfkjiCxUFSh2s3GVgKCmspOfmRoBSByv9hoBPrGbX5pC5N34fiG9d4M9L8lZjjoHSL0k86cUQo/FeChRT7wdd2A91/RLfViCt/nFjuQ53S1kclHszZNTWviKznQ+LbnGTKEoEBZT4pSCQalELd0TaB1D++xlb4PkO+I6kmZuC9BOSpnNMwADEKUi7DN9n49lJS5IwO4fj90cJKzdJKgAh/daEaT/qv/ZNVmErf/XxGw+gpPOHGR0wnX0RwUe/XswuXCqabq4uYp71nyODUcnK/Q/q2Br5sIqF6UuNDqwsdM2qUev89b1JKQHKFABlONLejshqgDFhAsQGgeLx52LR2J5GgeIxFM6ZJCu0WMiGQQfXSBaubfFejFEIFFlwHMQbWOGjZephyk/nNsF80uOIz1MLK7dN2kmdCoi7U1D05QnlnCQJCGhgTf6RSOcmwV16tXbXq7cJscw+SZhiAOUFbgQwleUBkvdTdFFqoXqBwgDMtDdE3tHij4rZ7poo5p6Kz63HTAHukPs3DMADHmO1Vu7zYR1c8cxwtQsGrDGgKOfXUm/4LqZ9Nn7T/bqgJqYMU58tuzqlQLkX3+mOxJeTOuCmKvf9sIxy75CAviRGcX+LNp1TWR6sCufj24VSrrTMPXim8Lw/TLP0Z8g7D+2Fy4xyJXL0+ejDb/B8CO/RWHSyLGalwfxsuLHs61+KaRp9YOzinlciN8qmPhd1z4iUWSEbRaVzezdc4C0hf2PjariPUaY7yfmlq2XpfKTMPFiVvWLcL+cQKPPL3OalZYGiP9Os4C6pfJufpWYCIFiuZ8h0J8l3ABCuWf4q+VgL1QeUJumwBL7wp5V+EmU+wbMBs42FQkx/mNYYUCz3IryfUHzXz8o5htcnxAr5Gpigh/mXADQazLuXeItBlTLixua2QxkuDEH9C7yFpETpOVbjq8rhYtPubIMy6bCM5T7uxWRuZBfOaTOs7hHxfcO7F8ekwE9JfjK3camgHJdQDhYSD8xuMU3iD1geca/LZPvsxZ+Ik0I5KwQQSr8apgmoqFP2zrLTV84c44yzBfIiDg7KYDHgTmGwiTF85pI1AZDj5PoJrIicpwAoSHsSyj2xOZ07QjLWQTy9hyv3WDMnAsTfdd31qgcoEoOgHvriXLmLHW2A4RuvDKB4FqUIFKV7ZDK4DVkPcctSlCEKFKzQjOuqkbcLx12g6ZEyC2SzIwqUjHOMKGA1EjlYfEz30qIcAIWHlAx8gzTlXIbnmKrnH9wYksNSZ35YxtJX+qAoBQoVPAoUs5AVPehry5a7exL3hHJigNIQ3y8gJFBS6skNEHfk4Ha97gXf9qwkAyr4ZXh/xA/iz/abVDOh7FiAbl4yndt3E6xA+D3F/1Qb1QMU7sDIREQmjxaFK5jSvpsVx/INLkREeVYlUDKFnfG7vkOwRoBCheVuYoYrfVimAaDAN5edI+68BXJigGIVLu+zPbRAYg0aAAp3q6gHfdGqAoqnI+MFKADJdYhBvgJA3knAzLQg6E3Q1IGg3PeKkqtcewuVoUZqzuQ2p+sFmQub0/m9mAZZWflYK9UDFJ5XiIkPXS08C5PEHeDOEycxjrn3z3MApZcU64kBCvfdOanVSA5OAYJ+LUp+ZNUt7Gq0KoGSld296pbgNFpqWBRuq4dy6rYoTd4hbPco1P3PsMzKsihMV4t2RBsOicipBAo3VZTuFrZcsF7UN7vkP0j/aVmhwO9DoXux8p/HepNW7hK4Wtt5v+1LeAYiZyGWnW429YGMObgF3IJOMh95SNbeAWDbD1bkcMQlFly2NAeNW8E8wOQ1e7hwTsnuQX9UF1Dg/3q7Wh5Q+JSVUHzXMRUACVi2OgtDIDs66SfhWfR3Lf2WHD7Jvj59Ys0JL7IcLmLV4YGecnuK5RCjWPrEyPsLAuh25PWsX6mcaiwHn+jzSgEKAF1uPdv0ThJDtJe1SdrIGIV3qHRHsYwfo0Q3F1ThCiMLneF8VfQNCxjHjrGq5eqwTLUYpZXgKRSBYrlXG232DjIOJXLBUhfGwZv7g4pl9HLvgFm/EqYp/YS4gPxzD5mHRZt5u5L57UVOOcuxg95XNlIIRgGJAAXBIYiKDoDczpgFyr8Qyn6RDD4yp9L5rROmPhuAuA1lloRl4bYh73xaDd4Z487XZunFm+D9w6TlTMf3K/B9sSCzVqoHKBwUdk65xesZln4aaVPw+1SA4bQKVmBLn4zvNxbLgE24IxJ8or6irE4M9FT8rpTlHU5eCJ4HjmweQAmtAg/8Ahn89iCeF+MZ36ZyVvpXUKhTKne9GgTKzCXrQmZUeT5E+n2xbVIOnjxs5EGe/qwohztuPADVj4ZpHHcTcjLcmSqTw3cT1iNqJYQRXPPiYvmul1zcjMi23Hcxjlm045QSueRgDpV7A55vFuXAQ6CrbLkRV0/SYWG4BS07jydjbM/A80QBBQ+/ecUlYG5oMfYNLBkUeAWVPWXlL+Y7b/wCCPcAIHNaVG4ovs2i4ktmj5oSZu5MpH8EMD2H59MA15tDiPoI0eXCtxcBlMmoA8CDD18P1QOUObw4iFVLFa5B3oiy1sk02WI16MbRPMfkqYXl7MRf8VbJOUojQHEXeICzvVsHxfQ6mNvA4q5NAJCOl/fYfP0wD0F5rUWu2JSdo8h1HQIgkr8+/hz9u9DTBz0RHFk8Y1jp36G+/v9WCkp8ExT6Yyj9yxvybwLKiAeGm/Hwxqeh7YUW5H0DvH9K2XPxPC7VtmBwQuWm+llAvU1wtf4E2dP9hPqJd854mhx2iit811FYBXbyc0QIQJb8BFYhLRMRHYz+2Tsxlu1SnjhDDq+diJVwserGlqlkpb9A/h5YpUPl7hF3njK8scvT56iFqoPlrIfXRSJAydDVwSpYjTjp7IfSKiKHW+ZjpE28QMh4Srmfht/7YrGUHB+4pTI+zhbithIs7C/7HVeunOUsybXRfs7rBBnnkpN5xAQCwm7eypiCvHXMo4B/EeSdIG3juZ/EV7whzfOUKuOv9CzxIPoDipygm/bbsCAvwTL8nfGI/0mIwTx3vVrgO8LqHEVLg3zTBiMugOV5C2CQv0URl8u/LYv0Y5Hv33HAq5nov3qHhbehkzehs7xZeqwBoPo5SkkuNDrDZJBkJXegDLxKzrKF38eyJ5f3yibKCs2VhUopf0wEQPK6jOf/noB8mVhZJtOcG/AbrgAmRs4woAAMYOkPyx0yyqaCwpVS2i9TJieWef1Ctnhp5XiAeDN4Ntp0rmwwVCO6C54reh7qm+2VczKioLygSQVlOwU4cGm4qsb1TdJ4INl1gGyKtEOBuWhSqejacNVmugeas7x6ymSwr3RvxY1EfqlX4ooNpT0Zuc/Gft6C+i4XpaX7xTMxWnf+aYDnKlUZe5alC921u5HlXKF80EbWIXGqP7fipkX66tV5sfQhcLH6Iu5ywQI8DuW+Fhbi2mZMRAJujrhYZv4+pC/D9+WwPHl8vwFAuZ7mnXENgvXdUlCupJWfLLLa5B9KLE+0dY4S4Y0St+QYSMqBmEzoeLmOwpuwVQmdpZIzUJNdqCCYz1VhysXAEhQMNoODJRIHmosGT3NF6Ri3xMlCGsFABZCbrghGoye5/E3Q81uQt882RTiwbDwk48EX30U54cZyN6wvkp0mupAYA5GDGJTtoEIwVpRbv90jRIn4vaJNeJf6wHSruVkRHR9Sa+8aopRh3/wbEeVygj5zN5X1clFjOxhUy/jjO9vJgJ3K7bVxkCyK4opR+SkjKteXzbKyODnbCHjL4+Bg/Fk3Y5FoX1kn57ausy1UkDKdnwMkU1II5JKm0wGQLAA4GKi/jSeAkn+Iu108W8Hv2bBE1+H5IID0Kq+mJC37Avx+BRZlrC91gAZoNSWgme5XEqhLwbIADFN4tYX/RaUZYAAIphIUvEafQmAIAN3sAcZ+BiCZw79D8SUN0AB9e2nwje5acj0FPincsDSAc06zlTuAlsbPMkADtJqRYfwPZSNuVSWyjrsAAAAASUVORK5CYII=" />
<h2>Hallo John,</h2>
<p>
Auf der Tauchbolde-Webseite gibt es 1 News.
</p>
<table class='notification-list' CELLPADDING="0" CELLSPACING="0">
<tr>
<td class="cell-icon" width="55">
<img class="icon" src="data:image/png;base64, iVBORw0KGgoAAAANSUhEUgAAADAAAAAwCAYAAABXAvmHAAAHsklEQVR42u1ZCWxUxxn+5u1617vr
9bk+YgewlwViEkGxUw6nuMYQQRSSRkKhSpPSEpL6CAUpFlIiJeJIS1K1ICqgJE0jQtq0kVpSpSoW
VAVai0NAgGCOeNcXh2PHNj733rfvTf+3tjd2vTa7NniNlFmN5p+Zf2bnm/+bf47HcJ8HFu0BfAsg
2gOYVADUehV06bHQJGigTdGACd90L9pFin64vnbD2+UD5GgDoJameUlIL0hFCqVJsxNUurTY6RBg
odpMBpZMqZ6iQNHDwXsobaXY6HdK1t46u6PjUhfaznag9UQ7fD3ixABInpOInGenYuqTmSptkqaA
ip6gWEgDzqNURwPlJAf6HUWWSbZRepKy/5L9/HDbmdu91//ehFuVzZDc0t0HkLk0HbmlFpjyk6fT
OEoYx/PUOhP9IyKZjUnuy7sp908q/j3R62jtgUZu298Asdc/fgAJs4yYt/kRpC1MyaX/3ExFqyiq
IrVcBOELArLV2+n77PKOGjT85ebYADAVQ265BbPXz4gTYoS3qOQVKo6h6eIIUGEgDUzhOOSR6vhx
skwZrRHr2YqLcDV7wgcQE6/Gwt15yFicuhCcfUzdmQf9Fac8G0gHl41FvoOei/5pE9Hqd6fLz6P9
TOedAcSmaVH40QLEzzCupcp9VKS5BzSJNByQvNLPzm66JDYdahkZgDLzxQcLYDTHbaLsr/rr+f/p
8RDl45HD1askb7XqdNl5T8uxtuEAFM4v/mg+Uhcml1GzvUTDfo9BhmSD+DqQH1w+HjmiNvjU75JW
H191Su61OYYCyN1oQe7PZywh8QhF9QTQYqxhW6/NvuXYD05CFnkfgPgZcSj+R0EieZsrlM0K09wT
TaEBWdnlCq/tqj1Vs6e+r3LBvnnIXJa2m8y1PrTpJguFgvIXosP/6JGiKokZLQYsrXwsmyqtVK3p
q7+zy5sgNzqiTMmPru20fcJyKyyYWWr+DdW8eg95ey/CGXujcxFbUrlIoDXQRJgyIjJ3dCmkyMr5
cBZ72rYsj8rPR2ruaFOobwy8nD1lW1ZGZXujzYcxhv3sKevSHWSOVyM2d/QppIzhP2yltXg/ZX46
2tldK2jYWlMJ8g3z0Sq28A/a32WN3oaQ+gZBz9eZytkc/Xdwy3eDv9++lzWLzSHvAwmqBLyc+goe
ip3NG7x1jHTRLraHf5/g/CJ78lrxh3S6XzOanUrS1mNlwjPBfKfUgZcbfwwf9w3Trch4HUXGpcH8
V2ITyq+/SFfg4ZfgLVnbka+fH8zbvDWouLk+fALJuMieqF6yS9Bi42ho92XvZ1O00wasRwuIsY03
Snm91zZM/0/mgzxRncQG665reD5gucF9CnT4+pvlEDSCJqinMGN13dPczZ1hWYCLOMpWXPj+BsEg
/HY0vr2espV9z1QYBOCVvOwntT/kDpV9mP520w4+N3leEIDdZ2drGp6FKPiG9k/Hgt0Z78OcYAkC
aHe2Ye2t5zgXeFhrgHv4e2z52cJFglE4Odrl0uRIxRbz25gWnw236MYe605UaY+HvA5lOR7EZst2
PBCXCYfPgR01b+Nz/ZmQ/ZodFrw58y2Y9Kno9nTjHetWXDVcDp9BDvklVvDn/Bjjw3EtTIPkEbdt
wit1SkiTMtCNbi4mepmgEUL7aAlc7pRZGs9AJ7/NpSSJdFloPy6R0AGkIp002xlPlsHULLyjhB+y
7JSnMUtpNszrpuwT4ljJ/eRGZRc/2nW+93FmyNFj0cd5swlANYthQtj2i2Ygy0l2vvLL7bWVAURz
3slF2pKUA4KRrel/b5i0Rwll+csOXuVp9hadWv1532o3mPWY/+HcDJVBuCLohZTJTCHZzb3cI+df
+2Xd1ZZDbd/MQs5LU5T4jMooHBzyajaJAqcrpOzkGzpOd+25VPFloCw40NgsLR47kp9EIG9BeZQd
+Rmwfxsfx3PiSH2OJovk3Rzye56vvWXn1lVD7PYPBfDIzplIX27aRuIb0Z7pYUEkLE7+R9Huf/FC
+RXJ2eAOVgUAZD2XgVlv5MwisBfQ9yQ+aS71dK4A9+DXvi7fa9Wbari9xjkEG3voTTMeWJWWSRvI
v6lZbtB0fuWswZU3AJnpyL2qg91PDIWIIeTru+j/S5z1rr9efs0KT4t3mHFY0YkFZVCzrSSbAshl
eCFzK4nK/n+YFv858gO/QAx7gekg0O/eulHaybnyjuvjn3IZG5s/a/2qfu9NyJ7Qn3RY3h8e1qh0
KuWdX3kyt4ud4m1Pq092XXej96qDFouI6RumIenR+O+S+jZosJxpSbrLT1+cZpwrE+zDf0na7Kh1
VdXtuoGeavuo7cJ2l4n58Zj6QqaSzqVWpRRXK+cnsgyYiswuREgh+m9l0CCa0rG4hyx/kHLvOqyu
c02ftKDtWEdY39Ei9vf6HB3SV5iQWpysjc3QFlHRCoqLCcAcsmFMgGJC/1BZ/4LkfYMmSrDAoCTy
KzKUV8ATFI/4usSjHVVdntbDt9F7xRHReMa1YemzdUjMM4JOszDk6DS6B2NnCrGC8i1BoWQiRV2/
qsLqLoot3McbaTHaHPUuj8PqRPdFO5Q0AHIM4e7uuNSb2qiG2kCmSBq6SMQePySnFPjUivC/4U0w
gCiEbwFEO9z3AP4H+LtaJkl7q7UAAAAASUVORK5CYII=" />
</td>
<td class="cell-message" width="100%">
<div class="notification-item Commented">
<span class="timestamp">01.10.2018 14:00</span><span class='message-type'>Neuer Kommentar&nbsp;</span><p class='message'>
<p>Notification 1</p>
<p><a href='http://test/event/1'>Mehr...</a></p></p>
</div>
</td>
</tr>
</table>
<p>
Guet Gas!
</p>
</html>
</body>
