<html>
<head>
<style>
body {
    font-family: Helvetica, sans-serif;
    color: #030303;
}

.notification-list {
    padding: 0;
}

.icon {
    float: left;
}

.timestamp {
    font-size: small;
    float: right;
}

.notification-list .notification-item {
    background-color: #0d87e9;
    margin-left: 55px;
    margin-bottom: 10px;
    padding: 10px;
    color: #fff;
    border-radius: 5px;
}

.notification-list .notification-item.Declined {
    background-color: #e51c23;
}

.notification-list .notification-item.Accepted {
    background-color: #4caf50;
}

.notification-list .notification-item a,
.notification-list .notification-item a:visited,
.notification-list .notification-item a:hover,
.notification-list .notification-item a:active {
    color: #fff;
}

.message-type {
    font-weight: bold;
}</style>
</head>
<body>
<h2>Hallo John,</h2>
<p>
Auf der Tauchbolde-Webseite gibt es 1 News.
</p>
<div class='notification-list'>
<div>
<img class='icon' src="data:image/png;base64, iVBORw0KGgoAAAANSUhEUgAAADAAAAAwCAYAAABXAvmHAAAMT0lEQVR42tVZCXBU9Rn/vvfevr3C
JiwJkCCnHB5ICCiIyCFELgnHMKVjqU5nKngUkKOkBa1IOyJGRGtF43AMox1aUZRTWsdQhJCSYNAQ
ToGEhIQEstnd7L1vd9+/33tJdjeHm4UBrP+Zl/f9z/f9/t+9QYizhUKhRfR6mh6BHkZPgSRJy/R6
vRTvGUoLBALJHMdtJHJg05CXnjd4nt99I+c0N4xnETE6BBG/b1rPot4vaDSa3BsE8J6yr9W33Zcv
X+42YMAA920B4K2qegKTk/e2mfD5XtMlJf3pRj7oczi+AFGc2XrcWlLSN23kyIqbAlA9c6bGKAi/
JXISPfrWi7ixY1OE+fOHN3XDEpAPHiwLfvzxBQgG4/uaRgPC8uUZ3P33d211eSy4Zs1h+eJFbzu7
lMNP0PO3pJ07LW0AVGRlaU0azQGix0cdyqJpHDoU+aVLodUck/fsQXnnzjbrY9H8iy8CDhsWPa7O
hZYvR2axxNp/hTE21vzFF5dbAKifNWsZ6ff6mDeXng7ckiVthtnevcA+/zy+22/+4KJFCoA24/KK
FQAWS+zNjO0x79o1q8V5lpkz8+g9IdbNYXo6At1cawnAvn3YBCBuCSgAICOjjQRYdjZCbAkotK+0
oSHxsUOHAmEAdVlZhXTsiFgb5cGDESMSCAMgCSC3e/cNAZBfeKFdFQICgFZrR/sZATBN+OabsLfC
a9OnF9L7oViSCyQnQ2j1ahB1uvAYxQUIbdoEuuJiuJHmmT4dxKwsoFgQHvPW14P+5ZeB69gZyKdI
AhOPHIkAqJ02rUMJUEPbffeBPJwcEc8zGkEoL2dJR46gEMetR9OSIIAjM5NBt27qOJMkEI8cYYlV
VfHsZwTAlJmfHwFwderUQloxgim63rS4PVomOsiY2lf2CYiMj7E+Fh1UvI5yCU3caeisOPezUw6H
6fGjRyMAqqdM6VCF/o+afNrhSJxUUBABUDVpkgIgpgpBa4NrmVJ0JPYbObMjWpXAlGPHIgAqMzPb
2IA4cCDTDhmCzs8+iwmAN5tRHDQImM/HQjYbBi5fvu0ASAKmqYWFEQAVEye2VCHyDt3eeQdkjwec
O3aA7+RJSHzqKWABcr3kJZzk95U+kkfyHjsGQloa8OSlAhUV4Dl48BZrTJsmn3Y6E6cVFUUAlD/2
WAsJGCdMgMQnn2T+0lIU770Xri1fztI2bcJqYjp55UpwHzzIzAsXKn2mfeABTJg2DYK1tYwAoLsR
wG2VwBmn0/TE8eMRAGXjx7ewge7r14M1N1dVCfNzz4E7L491WbECXV9+CVoCZMnJYQQEa5cuZdTH
hMmTIXj9OgtUVqInP//2A3C5TNO//TYC4OK4cTGNmBNFlkIMX1uzpvXHfhIjPksSyDpxIgLgwpgx
Pys3etbjSZxRXBwBUPP664VMln82bvQsReKJOTkRAH6frxA57s4DCNkQfaWUW1ARFrJTiJcR+E7A
NHcxphuMoElrF8B3x4+bRo4eHQXA779zKsSCgK6vgWv4HND7fRNPP9LEfiCbZoCcSOk/Z2welUtK
ShJHjBgRAeAjCcAdiMToLWZ83RuIUjkoKRVi5MzofmsaBDPKXX5HYLLoLGQEwDRy5MgIAK/Xe5sB
MOStm4CzbiFavmkbkBMyWajrK6zk5GnTw6PGRAB4PJ64VejcuXOwZcsWKCgogNraWjWnT01NhVGj
RsH8+fOhf//+rVSGAV+3FjjHrjZnyR4GQbsMoYARMMjA7/ODYDQQt3bQJHH0CG32MH06C6G5u77/
e3VhAG63Oy4JbNy4EVatWkXZRLBdCWi1WtxEBc6cOXPC47z1Q8bbNrc4h3mpQLLoGZhHI5c6DNDQ
BUI/7GV+txONGb8CWXKywNUSDFT9B3RmOxPNQiue8EunO5hlHnVeVgG4XK4OAeTl5eGsWbOUygZE
CmwrKbBNnjyZOZ1OfP/992H37t3qeh3lR8XFxax3796I3uOgqVnIkMnhfF62AYZgOPCDZjEUdBEb
kFyMXDlyOlO4BqAB8J7/NwPbv9DYW1SXRdUG2WL62TdVAMREhyo0d+5cOHDggEqvp1Tj2WefjaiC
LMMEyp+Km0rLV199FZYvexHEqifJRV6OrLMjeGr0oB+TTUhN8WgsicoDnqN/JVFehYS+mugZ5fej
e8Sh566gw+HoUAKZmZlYVFQEKSkpUFpaygwGQwsVWrx4Mdu2bZtKP//882z9y2NRU7cmcpt+AuB/
mMndhqMseUBMTWcQ5YVA8TbN/Sia1f+glrN+WzWg41Om76qNqs7YRnHo+UXY0NDQIYBTp07hzp07
IYuK8WGRXxTUd4DSbPLLrKysTF3/7rvvsgWPH0bOX9roEpVy9FoSYMZLYbWJLhVb91vQSuEpuRC1
JrB/s44l9qpGjkyiydU6/JKchna7/aYDmaI+2dnZsHnzZrXfs2dPOJa/D7pY50I4SHmJF+1swD4T
W25mEhXG5A1lSQ1wakNeyR4BOT3IjusQDEigSe5P2T6CdO0MBMo3gCFNG33ITLTZbDcVB2gfW7Zs
Ge7apbpIlpCQoNIj7mlg2ro/RgKRRUDu/r8A6Do3qgYxK0tWFqgtQcHcC1A0tlQbv5tJV4oRugwC
XdfBDDltk2rJzJa3BJMGSOFgR+8ctFqtNwzg8OHDSIbMrl27po736dNHtYEhQ4aAYN/KRHtuZK+l
O/IP/lnhkD7rRxaoJwZkFvR7UDrxT9CYe5AkJAoKPsSE7hBw2ph4z+Oo0eqVr5LaJSFyCapq2fPf
xk49zpBEwjztwfr6+rhVSHGjubm5sHr1avWHLaXNnj0bNmzYACZTo2cRrW+B4PgkvCd0tTvIqZmg
6/MIXb5VvezmFvS5wFfwARj6OADJyXgqOoHhkRWkQi1/9eeEJJCvfgfOC4fA0OMScJrw/DG0WCxx
SYACmBrItm7d2uzz2bp163DevHmKjobXC5Y3mdb9adijSGUJKGl6QKeHnyZ1wDbnu4u2grFHhTrn
vKSBhEdfassH/Q2d3MHc18vR0M9OZoKqytEdFmJdXV2HEpAkCRYsWAD79+9X+8lUxG/fvh0yMjLa
rOXqc0Hv2hrp2/oBP+wPIAftbdYGbZXgyP+Qsmg93boEfM8ZYOz7YLs8IG+AhsKPwZhSRIc2jgWC
+BVev369QwlQ8MKcnJywJtGtK/reZr0SiTMf8rG+YpMNKE7cYkB+6GpgvNDCVcpuC9qIIf0Ds0E0
91S0EzUCr06351JJzMx6aC2a+tY36jKJ3eODD5AMsUMA48aNQyWRazXX7vphg83s0BYTClwTA24e
eTOpWWrkJ3VZcjPHD0cxYcBYELQ6gDgcSLChhrlKXsOEXprwz5sNLvgN1tTUFGIHP+5+9NFHuHbt
WqDELyYAnufhmWeeYat/XYwGCv9NFouc9W7ghy8m19donQGPg/H6TmGTiFUPNNP2om1M2+k48jqu
0baCEHK4oSdWV1cXUlp8SysyuW4rmLwfQrPJoksAPvEXgGnDKaVwA5+QEt9BPhvlQSIE7NXgOf0W
6Hvx4SmHC/alTaicgeXl5UcpFX4kHjHGo0LqxQUbUKiYA0bR2RS8lP9lGZjk6Ybi4DkgpgyMq6Bh
DZXMe3IHVY3V5Grd5Kkax30Sym4PPNp7UuV/8fTp02+TD19CUrilFZlcvwOMjg1M1LBIVK4zoqb3
PODvGhlXLiTVXWDu7zei9i4noNA4roQfu4v7OzH/lCrdEydOpGk0mmKj0diN3mrecUsa5fPyld9D
J1YAAh9VvDdogMN0EO6eBlznfupQsOxrkHxuMNzX+O9j2VULnvMHIOg4DNo0FlZFmY5pcHHlUgCG
9592RfXL6hSB6E8SUP5TqWRcuvi5jN2QuSHBuhI7ay/xBCJinCEKRHYBqcgFzkBlqKeO+bxeFLv0
g5DrEmUalSh0kSlPihhxSEbmcGFdSIbxfadUnQ1/I/qDVDYqIUK8VQCIUxg3IM9kYMU7jFp5rF7X
/D2mWEVztCYRKAUYaYiguLKouaZ1/gCAy4Nl1MvqN7X6TItLumXMxmiF27sLyUncKxSnsvU6Jmo1
zZzHlB9FWsrG/ZRKB+AfdPMLB06/amu76g62i/vTBnAcrqKg+ktRAL1GYMDzEM4ulfsmRlkwiKj4
eTLYr2hubb+pV/N/HOZP0Io/SU3sbOKmEDmankGUGSRjo/doIPoSUYXBEDswcHpNVUdn/Q+dfqIF
JsLVXQAAAABJRU5ErkJggg==" />
<div class='notification-item NewEvent'>
<div>
<span class='timestamp'>01.10.2018 14:00</span><span class='message-type'>Neue Aktivität</span></div>
<div class='message'>
<p>Notification 1</p>
<p><a href='http://test/event/1'>Mehr...</a></p></div>
</div>

</div>
</div>
<p>
Guet Gas!
</p>
</html>
</body>
