BEGIN:VCALENDAR
PRODID:-//Tauchbolde//TauchboldeWebsite//EN
VERSION:2.0
METHOD:PUBLISH
BEGIN:VEVENT
DTSTART:20181213T180000Z
DTEND:20181215T220000Z
DTSTAMP:20180913T060000Z
UID:e6a5f186-31f0-4424-9fd3-89d6935e19eb
CREATED:20180913T060000Z
X-ALT-DESC;FMTTYPE=text/html:Description Test
DESCRIPTION:Description Test
LAST-MODIFIED:20180913T060000Z
LOCATION:Lake 1
SEQUENCE:0
STATUS:CONFIRMED
SUMMARY:Test Event
TRANSP:OPAQUE
END:VEVENT
END:VCALENDAR
