[
    {
        "eventId": "c76468fe-86ae-43ec-b2d5-28fc61da04aa",
        "title": "The Title",
        "location": "The Location",
        "meetingPoint": "The MeetingPoint",
        "startTime": "2019-10-05T19:00:00.0000000",
        "endTime": null
    }
]