<html>
<head>
<style>
body {
    font-family: Helvetica, sans-serif;
}

.list {
    list-style: none;
    padding: 0;
}

.timestamp {
    font-size: small;
    color: #9d9d9d;
    float: right;
}

.list li {
    border: #0d87e9 1px solid;
    border-left: #0d87e9 10px solid;
    margin-bottom: 10px;
    padding: 5px;
    background-color: white;
}

.list li.Declined {
    border-color: #e51c23;
}

.list li.Accepted {
    border-color: #4caf50;
}

.message-type {
    font-weight: bold;
}</style>
</head>
<body>
<h2>Hallo John,</h2>
<p>
Auf der Tauchbolde-Webseite gibt es 1 News.
</p>
<ul class='list'>
<li class='Declined'>
<div>
<span class='timestamp'>01.10.2018 14:00</span><span class='message-type'>Absage</span></div>
<div class='message'>
<p>Notification 1</p>
<p><a href='http://test/event/1'>Mehr...</a></p></div>
</li>

</ul>
<p>
Guet Gas!
</p>
</html>
</body>
