{
    "UserId": "7023bedd-179f-4d8c-ae4b-9038b6c6bf3e",
    "Realname": "John Doe",
    "AvatarSizeSm": 24,
    "AvatarSizeMd": 100
}