<h2>Hallo John,</h2>
<p>
Auf der Tauchbolde-Webseite gibt es 1 News.
</p>
<ul>
<li>
<small>01.10.2018 14.00</small> Neue Aktivität: Notification 1
</li>
</ul>
<p>
Guet Gas!
</p>
