<h2>Hallo John,</h2>
<p>
Auf der Tauchbolde-Webseite gibt es 1 News.
</p>
<ul>
<li>
<span style='font-size: small; color: grey;'>01.10.2018 14.00 </span><span style='color: #006600'>Neuer Kommentar</span>: Notification 1
</li>
</ul>
<p>
Guet Gas!
</p>
