<html>
<head>
body {
    font-family: Helvetica, sans-serif;
}

.list {
    list-style: none;
    padding: 0;
}

.timestamp {
    font-size: small;
    color: #9d9d9d;
    float: right;
}

.list li {
    border: #0d87e9 1px solid;
    border-left: #0d87e9 10px solid;
    margin-bottom: 10px;
    padding: 5px;
    background-color: white;
}

.list li.declined {
    border-color: #e51c23;
}

.list li.accepted {
    border-color: #4caf50;
}

.message-type {
    font-weight: bold;
}</head>
<body>
<h2>Hallo John,</h2>
<p>
Auf der Tauchbolde-Webseite gibt es 1 News.
</p>
<ul>
<li>
<span style='font-size: small; color: grey;'>01.10.2018 14.00 </span><span style='color: #cc0000'>Absage</span>: Notification 1
</li>
</ul>
<p>
Guet Gas!
</p>
</html>
</body>
